Total Tests Run:   15
Successful Tests:  15
Failed Assertions: 0
Unexpected Errors: 0
Total Tests Run:   1
Successful Tests:  1
Failed Assertions: 0
Unexpected Errors: 0
